{(0, 5, 11): {'a': [-1, -1, -1]}} {(0, 5, 11)}
0 (0, 5, 11)
{(0, 5, 11): {'a': [-1, -1, 0]}, (1, 2, 4): {'a': [1, -1, -1], 'b': [-1, -1, -1]}, (1, 3, 6): {'a': [1, -1, -1], 'b': [-1, -1, -1]}} {(0, 5, 11), (1, 3, 6), (1, 2, 4)}
1 (0, 5, 11)
1 (1, 3, 6)
1 (1, 2, 4)
{(0, 5, 11): {'a': [1, -1, 0]}, (1, 2, 4): {'a': [1, -1, -1], 'b': [-1, -1, 1]}, (1, 3, 6): {'a': [1, -1, -1], 'b': [-1, -1, 1]}, (2, 5, 9): {'a': [2, -1, -1], 'b': [2, -1, -1], 'c': [-1, -1, -1]}} {(0, 5, 11), (1, 3, 6), (2, 5, 9), (1, 2, 4)}
2 (0, 5, 11)
2 (1, 3, 6)
2 (2, 5, 9)
2 (1, 2, 4)
{(0, 5, 11): {'a': [1, -1, 0]}, (1, 2, 4): {'a': [1, -1, -1], 'b': [2, -1, 1]}, (1, 3, 6): {'a': [1, -1, -1], 'b': [2, -1, 1]}, (2, 5, 9): {'a': [2, -1, -1], 'b': [2, -1, -1], 'c': [-1, -1, 2]}, (3, 5, 7): {'a': [-1, -1, -1], 'b': [3, -1, -1], 'c': [3, -1, -1]}} {(3, 5, 7), (1, 3, 6), (0, 5, 11), (2, 5, 9), (1, 2, 4)}
3 (3, 5, 7)
3 (1, 3, 6)
3 (0, 5, 11)
3 (2, 5, 9)
3 (1, 2, 4)
{(0, 5, 11): {'a': [1, -1, 3]}, (1, 2, 4): {'a': [1, 3, 3], 'b': [2, -1, 1]}, (1, 3, 6): {'a': [1, 3, 3], 'b': [2, -1, 1]}, (2, 5, 9): {'a': [2, -1, 3], 'b': [2, -1, -1], 'c': [3, -1, 2]}, (3, 5, 7): {'a': [-1, -1, 3], 'b': [3, -1, -1], 'c': [3, -1, -1]}} {(3, 5, 7), (1, 3, 6), (0, 5, 11), (2, 5, 9), (1, 2, 4)}
4 (3, 5, 7)
4 (1, 3, 6)
4 (0, 5, 11)
4 (2, 5, 9)
4 (1, 2, 4)
{(0, 5, 11): {'a': [1, -1, 3]}, (1, 2, 4): {'a': [1, 3, 3], 'b': [2, 4, 4]}, (1, 3, 6): {'a': [1, 3, 3], 'b': [2, 4, 4]}, (2, 5, 9): {'a': [2, -1, 3], 'b': [2, -1, 4], 'c': [3, -1, 2]}, (3, 5, 7): {'a': [4, -1, 3], 'b': [3, -1, 4], 'c': [3, -1, -1]}} {(3, 5, 7), (1, 3, 6), (0, 5, 11), (2, 5, 9)}
5 (3, 5, 7)
5 (1, 3, 6)
5 (0, 5, 11)
5 (2, 5, 9)
{(0, 5, 11): {'a': [1, -1, 3]}, (1, 2, 4): {'a': [1, 3, 3], 'b': [2, 4, 4]}, (1, 3, 6): {'a': [1, 3, 3], 'b': [2, 4, 5]}, (2, 5, 9): {'a': [2, -1, 3], 'b': [2, 5, 5], 'c': [3, -1, 2]}, (3, 5, 7): {'a': [4, -1, 3], 'b': [3, 5, 5], 'c': [3, -1, -1]}} {(3, 5, 7), (1, 3, 6), (0, 5, 11), (2, 5, 9)}
6 (3, 5, 7)
6 (1, 3, 6)
6 (0, 5, 11)
6 (2, 5, 9)
{(0, 5, 11): {'a': [1, 6, 6]}, (1, 2, 4): {'a': [1, 3, 3], 'b': [2, 4, 4]}, (1, 3, 6): {'a': [1, 3, 6], 'b': [2, 4, 5]}, (2, 5, 9): {'a': [2, 6, 6], 'b': [2, 5, 5], 'c': [3, -1, 2]}, (3, 5, 7): {'a': [4, 6, 6], 'b': [3, 5, 5], 'c': [3, -1, -1]}} {(3, 5, 7), (0, 5, 11), (2, 5, 9)}
7 (3, 5, 7)
7 (0, 5, 11)
7 (2, 5, 9)
{(0, 5, 11): {'a': [1, 6, 6]}, (1, 2, 4): {'a': [1, 3, 3], 'b': [2, 4, 4]}, (1, 3, 6): {'a': [1, 3, 6], 'b': [2, 4, 5]}, (2, 5, 9): {'a': [2, 6, 6], 'b': [2, 5, 5], 'c': [3, 7, 7]}, (3, 5, 7): {'a': [4, 6, 6], 'b': [3, 5, 5], 'c': [3, 7, 7]}} {(0, 5, 11), (2, 5, 9)}
8 (0, 5, 11)
8 (2, 5, 9)
{(0, 5, 11): {'a': [1, 6, 8]}, (1, 2, 4): {'a': [1, 3, 3], 'b': [2, 4, 4]}, (1, 3, 6): {'a': [1, 3, 6], 'b': [2, 4, 5]}, (2, 5, 9): {'a': [2, 6, 8], 'b': [2, 5, 5], 'c': [3, 7, 7]}, (3, 5, 7): {'a': [4, 6, 6], 'b': [3, 5, 5], 'c': [3, 7, 7]}} {(0, 5, 11), (2, 5, 9)}
9 (0, 5, 11)
9 (2, 5, 9)
{(0, 5, 11): {'a': [1, 6, 8]}, (1, 2, 4): {'a': [1, 3, 3], 'b': [2, 4, 4]}, (1, 3, 6): {'a': [1, 3, 6], 'b': [2, 4, 5]}, (2, 5, 9): {'a': [2, 6, 8], 'b': [2, 5, 9], 'c': [3, 7, 7]}, (3, 5, 7): {'a': [4, 6, 6], 'b': [3, 5, 5], 'c': [3, 7, 7]}} {(0, 5, 11)}
10 (0, 5, 11)
{(0, 5, 11): {'a': [1, 6, 10]}, (1, 2, 4): {'a': [1, 3, 3], 'b': [2, 4, 4]}, (1, 3, 6): {'a': [1, 3, 6], 'b': [2, 4, 5]}, (2, 5, 9): {'a': [2, 6, 8], 'b': [2, 5, 9], 'c': [3, 7, 7]}, (3, 5, 7): {'a': [4, 6, 6], 'b': [3, 5, 5], 'c': [3, 7, 7]}} {(0, 5, 11)}
11 (0, 5, 11)
{(0, 5, 11): {'a': [1, 6, 10]}, (1, 2, 4): {'a': [1, 3, 3], 'b': [2, 4, 4]}, (1, 3, 6): {'a': [1, 3, 6], 'b': [2, 4, 5]}, (2, 5, 9): {'a': [2, 6, 8], 'b': [2, 5, 9], 'c': [3, 7, 7]}, (3, 5, 7): {'a': [4, 6, 6], 'b': [3, 5, 5], 'c': [3, 7, 7]}}
20
6
-1
-1
12
